
> build
> vite build

[36mvite v8.0.8 [32mbuilding client environment for production...[36m[39m
[2K
transforming...Γ£ô 78 modules transformed.
rendering chunks...
computing gzip size...
public/build/manifest.json                               2.02 kB Γöé gzip:  0.46 kB
public/build/assets/fa-v4compatibility-DD84SGiu.woff2    4.03 kB
public/build/assets/fa-regular-400-nyy7hhHF.woff2       18.92 kB
public/build/assets/fa-brands-400-BP5tdqmh.woff2       110.08 kB
public/build/assets/fa-solid-900-DRAAbZTg.woff2        114.74 kB
public/build/assets/top_head_image-Bx9Yx47L.webp       173.36 kB
public/build/assets/login-B9OXGg4f.css                   3.19 kB Γöé gzip:  1.12 kB
public/build/assets/app-CPOKVCe8.css                   322.84 kB Γöé gzip: 56.89 kB
public/build/assets/teaching-assignments-D_yWVe_k.js     1.40 kB Γöé gzip:  0.52 kB
public/build/assets/app-DXGiZenF.js                    204.57 kB Γöé gzip: 56.85 kB

[32mΓ£ô built in 814ms[39m
